   Compiling proc-macro2 v1.0.107
   Compiling quote v1.0.47
   Compiling unicode-ident v1.0.24
   Compiling libc v0.2.189
   Compiling cfg-if v1.0.4
   Compiling serde_core v1.0.229
   Compiling stable_deref_trait v1.2.1
   Compiling itoa v1.0.18
   Compiling typenum v1.20.1
   Compiling smallvec v1.15.2
   Compiling bytes v1.12.1
   Compiling hybrid-array v0.4.14
   Compiling serde v1.0.229
   Compiling autocfg v1.5.1
   Compiling pin-project-lite v0.2.17
   Compiling futures-core v0.3.33
   Compiling crossbeam-utils v0.8.22
   Compiling syn v3.0.3
   Compiling syn v2.0.119
   Compiling unicase v2.9.0
   Compiling num-traits v0.2.19
   Compiling mime_guess v2.0.5
   Compiling crypto-common v0.2.2
   Compiling block-buffer v0.12.1
   Compiling http v1.5.0
   Compiling cpufeatures v0.3.0
   Compiling const-oid v0.10.2
   Compiling writeable v0.6.3
   Compiling crc32fast v1.5.0
   Compiling litemap v0.8.2
   Compiling zerocopy v0.8.56
   Compiling getrandom v0.3.4
   Compiling memchr v2.8.3
   Compiling http-body v1.1.0
   Compiling digest v0.11.3
   Compiling mio v1.2.2
   Compiling socket2 v0.6.5
   Compiling icu_normalizer_data v2.2.0
   Compiling synstructure v0.13.2
   Compiling icu_properties_data v2.2.0
   Compiling equivalent v1.0.2
   Compiling zmij v1.0.23
   Compiling crossbeam-epoch v0.9.20
   Compiling hashbrown v0.17.1
   Compiling displaydoc v0.2.7
   Compiling serde_derive v1.0.229
   Compiling tokio-macros v2.7.2
   Compiling utf8_iter v1.0.4
   Compiling version_check v0.9.5
   Compiling httparse v1.10.1
   Compiling tokio v1.53.1
   Compiling indexmap v2.14.0
   Compiling aho-corasick v1.1.5
   Compiling zerofrom-derive v0.1.7
   Compiling yoke-derive v0.8.2
   Compiling zerofrom v0.1.8
   Compiling zerovec-derive v0.11.3
   Compiling yoke v0.8.3
   Compiling zerotrie v0.2.4
   Compiling regex-syntax v0.8.11
   Compiling find-msvc-tools v0.1.10
   Compiling zerovec v0.11.6
   Compiling zlib-rs v0.6.7
   Compiling same-file v1.0.6
   Compiling bumpalo v3.20.3
   Compiling serde_json v1.0.151
   Compiling tower-service v0.3.3
   Compiling tinystr v0.8.3
   Compiling potential_utf v0.1.5
   Compiling icu_collections v2.2.0
   Compiling icu_locale_core v2.2.0
   Compiling crossbeam-deque v0.8.7
   Compiling simd-adler32 v0.3.10
   Compiling semver v1.0.28
   Compiling log v0.4.33
   Compiling shlex v2.0.1
   Compiling icu_provider v2.2.0
   Compiling cc v1.4.2
   Compiling rustc_version v0.4.1
   Compiling zopfli v0.8.3
   Compiling regex-automata v0.4.18
   Compiling ppv-lite86 v0.2.21
   Compiling walkdir v2.5.0
   Compiling flate2 v1.1.9
   Compiling rand_core v0.9.5
   Compiling sha2 v0.11.0
   Compiling futures-channel v0.3.33
   Compiling httpdate v1.0.3
   Compiling mime v0.3.17
   Compiling vcpkg v0.2.15
   Compiling paste v1.0.15
   Compiling cl-sys v0.4.3
   Compiling sync_wrapper v1.0.2
   Compiling tower-layer v0.3.3
   Compiling pkg-config v0.3.33
   Compiling unicode-segmentation v1.13.3
   Compiling slab v0.4.12
   Compiling rand_core v0.10.1
   Compiling thiserror v1.0.69
   Compiling getrandom v0.4.3
   Compiling atomic-waker v1.1.2
   Compiling percent-encoding v2.3.2
   Compiling futures-task v0.3.33
   Compiling hyper v1.11.0
   Compiling futures-util v0.3.33
   Compiling libsqlite3-sys v0.38.2
   Compiling convert_case v0.10.0
   Compiling regex v1.13.1
   Compiling rust-embed-utils v8.12.0
   Compiling zip v3.0.0
   Compiling icu_properties v2.2.0
   Compiling icu_normalizer v2.2.0
   Compiling rand_chacha v0.9.0
   Compiling ocl-core v0.11.5
   Compiling toml_datetime v0.6.11
   Compiling serde_spanned v0.6.9
   Compiling thiserror-impl v1.0.69
   Compiling uncased v0.9.10
   Compiling num-traits v0.1.43
   Compiling http-body-util v0.1.4
   Compiling crossbeam-queue v0.3.13
   Compiling crossbeam-channel v0.5.16
   Compiling core-foundation-sys v0.8.7
   Compiling winnow v0.7.15
   Compiling utoipa-swagger-ui-vendored v0.1.2
   Compiling toml_write v0.1.2
   Compiling bitflags v2.13.1
   Compiling unicode-xid v0.2.6
   Compiling portable-atomic v1.14.0
   Compiling derive_more-impl v2.1.1
   Compiling crossbeam v0.8.4
   Compiling utoipa-swagger-ui v9.0.2
   Compiling core-foundation v0.10.1
   Compiling axum-core v0.5.6
   Compiling enum_primitive v0.1.1
   Compiling rand v0.9.5
   Compiling idna_adapter v1.2.2
   Compiling tower v0.5.3
   Compiling hyper-util v0.1.20
   Compiling rust-embed-impl v8.12.0
   Compiling toml_edit v0.22.27
   Compiling utoipa-gen v5.5.0
   Compiling figment v0.10.19
   Compiling foreign-types-macros v0.2.4
   Compiling num-complex v0.4.6
   Compiling ocl-core-vector v0.1.1
   Compiling keccak v0.2.1
   Compiling serde_path_to_error v0.1.20
   Compiling malloc_buf v0.0.6
   Compiling heck v0.5.0
   Compiling matchit v0.8.4
   Compiling foreign-types-shared v0.3.1
   Compiling futures v0.1.31
   Compiling ruint-macro v1.2.1
   Compiling clap_lex v1.1.0
   Compiling unicode-width v0.2.2
   Compiling bitflags v1.3.2
   Compiling anstyle v1.0.14
   Compiling eyre v0.6.12
   Compiling clap_builder v4.6.6
   Compiling console v0.16.4
   Compiling qutex v0.2.6
   Compiling ruint v1.20.0
   Compiling utoipa v5.5.0
   Compiling foreign-types v0.5.0
   Compiling axum v0.8.9
   Compiling toml v0.8.23
   Compiling derive_more v2.1.1
   Compiling clap_derive v4.6.4
   Compiling objc v0.2.7
   Compiling sha3 v0.11.0
   Compiling rust-embed v8.12.0
   Compiling idna v1.1.0
   Compiling core-graphics-types v0.2.0
   Compiling form_urlencoded v1.2.2
   Compiling chacha20 v0.10.1
   Compiling const-hex v1.19.1
   Compiling unit-prefix v0.5.2
   Compiling indenter v0.3.4
   Compiling base64 v0.22.1
   Compiling nodrop v0.1.14
   Compiling once_cell v1.21.4
   Compiling block v0.1.6
   Compiling fallible-streaming-iterator v0.1.9
   Compiling fallible-iterator v0.3.0
   Compiling metal v0.33.0
   Compiling ocl v0.19.7
   Compiling alloy-primitives v1.6.1
   Compiling indicatif v0.18.6
   Compiling rand v0.10.2
   Compiling url v2.5.8
   Compiling clap v4.6.6
   Compiling rusqlite v0.40.2
   Compiling salty v0.3.0 (/Users/bryan/code/create2-salt-miner/target/metal-final/source)
    Finished `release` profile [optimized] target(s) in 1m 03s
warning: the following packages contain code that will be rejected by a future version of Rust: block v0.1.6
note: to see what the problems were, use the option `--future-incompat-report`, or run `cargo report future-incompatibilities --id 1`
