just pgo-instrument
[2026-09-10T12:38:30Z INFO  cargo_pgo::pgo::instrument] PGO profile directory will be cleared.
[2026-09-10T12:38:30Z INFO  cargo_pgo::pgo::instrument] PGO profiles will be stored into /Users/bryan/code/create2-salt-miner/target/cross-gpu/release-final/build-final/pgo-profiles.
   Compiling cfg-if v1.0.4
   Compiling stable_deref_trait v1.2.1
   Compiling itoa v1.0.18
   Compiling typenum v1.20.1
   Compiling bytes v1.12.1
   Compiling libc v0.2.189
   Compiling serde_core v1.0.229
   Compiling smallvec v1.15.2
   Compiling pin-project-lite v0.2.17
   Compiling futures-core v0.3.33
   Compiling zerofrom v0.1.8
   Compiling crossbeam-utils v0.8.22
   Compiling serde v1.0.229
   Compiling num-traits v0.2.19
   Compiling litemap v0.8.2
   Compiling const-oid v0.10.2
   Compiling yoke v0.8.3
   Compiling writeable v0.6.3
   Compiling getrandom v0.3.4
   Compiling zerocopy v0.8.56
   Compiling utf8_iter v1.0.4
   Compiling hashbrown v0.17.1
   Compiling zerovec v0.11.6
   Compiling zerotrie v0.2.4
   Compiling equivalent v1.0.2
   Compiling httparse v1.10.1
   Compiling icu_properties_data v2.2.0
   Compiling crossbeam-epoch v0.9.20
   Compiling zmij v1.0.23
   Compiling icu_normalizer_data v2.2.0
   Compiling tower-service v0.3.3
   Compiling serde_json v1.0.151
   Compiling crossbeam-deque v0.8.7
   Compiling cpufeatures v0.3.0
   Compiling socket2 v0.6.5
   Compiling http v1.5.0
   Compiling mio v1.2.2
   Compiling hybrid-array v0.4.14
   Compiling tinystr v0.8.3
   Compiling potential_utf v0.1.5
   Compiling rand_core v0.9.5
   Compiling futures-channel v0.3.33
   Compiling icu_locale_core v2.2.0
   Compiling icu_collections v2.2.0
   Compiling tokio v1.53.1
   Compiling same-file v1.0.6
   Compiling atomic-waker v1.1.2
   Compiling httpdate v1.0.3
   Compiling percent-encoding v2.3.2
   Compiling slab v0.4.12
   Compiling crypto-common v0.2.2
   Compiling block-buffer v0.12.1
   Compiling futures-task v0.3.33
   Compiling http-body v1.1.0
   Compiling memchr v2.8.3
   Compiling sync_wrapper v1.0.2
   Compiling tower-layer v0.3.3
   Compiling rand_core v0.10.1
   Compiling mime v0.3.17
   Compiling http-body-util v0.1.4
   Compiling thiserror v1.0.69
   Compiling futures-util v0.3.33
   Compiling cl-sys v0.4.3
   Compiling getrandom v0.4.3
   Compiling walkdir v2.5.0
   Compiling num-traits v0.1.43
   Compiling crossbeam-queue v0.3.13
   Compiling crossbeam-channel v0.5.16
   Compiling icu_provider v2.2.0
   Compiling digest v0.11.3
   Compiling bitflags v2.13.1
   Compiling indexmap v2.14.0
   Compiling icu_properties v2.2.0
   Compiling icu_normalizer v2.2.0
   Compiling sha2 v0.11.0
   Compiling winnow v0.7.15
   Compiling toml_write v0.1.2
   Compiling serde_spanned v0.6.9
   Compiling toml_datetime v0.6.11
   Compiling core-foundation-sys v0.8.7
   Compiling core-foundation v0.10.1
   Compiling rust-embed-utils v8.12.0
   Compiling portable-atomic v1.14.0
   Compiling crossbeam v0.8.4
   Compiling serde_path_to_error v0.1.20
   Compiling uncased v0.9.10
   Compiling ocl-core v0.11.5
   Compiling enum_primitive v0.1.1
   Compiling idna_adapter v1.2.2
   Compiling axum-core v0.5.6
   Compiling libsqlite3-sys v0.38.2
   Compiling num-complex v0.4.6
   Compiling ocl-core-vector v0.1.1
   Compiling keccak v0.2.1
   Compiling malloc_buf v0.0.6
   Compiling mime_guess v2.0.5
   Compiling anstyle v1.0.14
   Compiling unicase v2.9.0
   Compiling unicode-width v0.2.2
   Compiling foreign-types-shared v0.3.1
   Compiling clap_lex v1.1.0
   Compiling matchit v0.8.4
   Compiling futures v0.1.31
   Compiling ppv-lite86 v0.2.21
   Compiling bitflags v1.3.2
   Compiling clap_builder v4.6.6
   Compiling console v0.16.4
   Compiling eyre v0.6.12
   Compiling rand_chacha v0.9.0
   Compiling hyper v1.11.0
   Compiling tower v0.5.3
   Compiling toml_edit v0.22.27
   Compiling rand v0.9.5
   Compiling foreign-types v0.5.0
   Compiling sha3 v0.11.0
   Compiling qutex v0.2.6
   Compiling objc v0.2.7
   Compiling utoipa v5.5.0
   Compiling hyper-util v0.1.20
   Compiling ruint v1.20.0
   Compiling figment v0.10.19
   Compiling idna v1.1.0
   Compiling core-graphics-types v0.2.0
   Compiling axum v0.8.9
   Compiling rust-embed v8.12.0
   Compiling derive_more v2.1.1
   Compiling utoipa-swagger-ui v9.0.2
   Compiling chacha20 v0.10.1
   Compiling form_urlencoded v1.2.2
   Compiling const-hex v1.19.1
   Compiling unit-prefix v0.5.2
   Compiling once_cell v1.21.4
   Compiling nodrop v0.1.14
   Compiling fallible-iterator v0.3.0
   Compiling log v0.4.33
   Compiling base64 v0.22.1
   Compiling block v0.1.6
   Compiling toml v0.8.23
   Compiling fallible-streaming-iterator v0.1.9
   Compiling indenter v0.3.4
   Compiling metal v0.33.0
   Compiling alloy-primitives v1.6.1
   Compiling indicatif v0.18.6
   Compiling clap v4.6.6
   Compiling rand v0.10.2
   Compiling ocl v0.19.7
   Compiling url v2.5.8
   Compiling rusqlite v0.40.2
   Compiling salty v0.3.0 (/Users/bryan/code/create2-salt-miner/target/cross-gpu/release-final/source)
[2026-09-10T12:39:20Z INFO  cargo_pgo::pgo::instrument] PGO-instrumented binary salty built successfully.
[2026-09-10T12:39:20Z INFO  cargo_pgo::pgo::instrument] Now run /Users/bryan/code/create2-salt-miner/target/cross-gpu/release-final/build-final/aarch64-apple-darwin/release/salty on your workload.
    If your program creates multiple processes or you will execute it multiple times in parallel, consider running it with the following environment variable to have more precise profiles:
    LLVM_PROFILE_FILE=/Users/bryan/code/create2-salt-miner/target/cross-gpu/release-final/build-final/pgo-profiles/salty_%m_%p.profraw
    Finished `release` profile [optimized] target(s) in 49.50s
[2026-09-10T12:39:20Z INFO  cargo_pgo::pgo::instrument] PGO instrumentation build finished successfully.
warning: the following packages contain code that will be rejected by a future version of Rust: block v0.1.6
note: to see what the problems were, use the option `--future-incompat-report`, or run `cargo report future-incompatibilities --id 1`
just pgo-train
0x00000000000000000000000000000000000000005aead5705fcd8e034c04faec0000000000000000000000005a564b9500d2b2d5e100dcd0006b0056a40000a10000000000000000000000000000000000000000000000000000000000000006
just pgo-merge
Instrumentation level: IR  entry_first = 0  instrument_loop_entries = 0
Total functions: 8304
Maximum function count: 3570
Maximum internal block count: 896
Total number of blocks: 93005
Total count: 26834
just pgo-optimize
[2026-09-10T12:39:50Z INFO  cargo_pgo::pgo::optimize] Found 1 PGO profile file with total size 1.43 MiB at /Users/bryan/code/create2-salt-miner/target/cross-gpu/release-final/build-final/pgo-profiles.
[2026-09-10T12:39:50Z INFO  cargo_pgo::pgo::optimize] Merged PGO profile(s) to /Users/bryan/code/create2-salt-miner/target/cross-gpu/release-final/build-final/pgo-profiles/merged-5b31382d819b8ff3d556187043d4a03ab63e1d02a71adead881d77377b4269c0.profdata.
   Compiling cfg-if v1.0.4
   Compiling stable_deref_trait v1.2.1
   Compiling itoa v1.0.18
   Compiling typenum v1.20.1
   Compiling libc v0.2.189
   Compiling serde_core v1.0.229
   Compiling smallvec v1.15.2
   Compiling pin-project-lite v0.2.17
   Compiling futures-core v0.3.33
   Compiling bytes v1.12.1
   Compiling zerofrom v0.1.8
   Compiling crossbeam-utils v0.8.22
   Compiling serde v1.0.229
   Compiling num-traits v0.2.19
   Compiling litemap v0.8.2
   Compiling writeable v0.6.3
   Compiling yoke v0.8.3
   Compiling const-oid v0.10.2
   Compiling zerocopy v0.8.56
   Compiling getrandom v0.3.4
   Compiling equivalent v1.0.2
   Compiling utf8_iter v1.0.4
   Compiling hashbrown v0.17.1
   Compiling zerovec v0.11.6
   Compiling zerotrie v0.2.4
   Compiling zmij v1.0.23
   Compiling crossbeam-epoch v0.9.20
   Compiling icu_properties_data v2.2.0
   Compiling icu_normalizer_data v2.2.0
   Compiling httparse v1.10.1
   Compiling tower-service v0.3.3
   Compiling crossbeam-deque v0.8.7
   Compiling serde_json v1.0.151
   Compiling cpufeatures v0.3.0
   Compiling http v1.5.0
   Compiling socket2 v0.6.5
   Compiling mio v1.2.2
   Compiling hybrid-array v0.4.14
   Compiling rand_core v0.9.5
   Compiling futures-channel v0.3.33
   Compiling tinystr v0.8.3
   Compiling potential_utf v0.1.5
   Compiling atomic-waker v1.1.2
   Compiling same-file v1.0.6
   Compiling icu_collections v2.2.0
   Compiling tokio v1.53.1
   Compiling rand_core v0.10.1
   Compiling futures-task v0.3.33
   Compiling icu_locale_core v2.2.0
   Compiling slab v0.4.12
   Compiling memchr v2.8.3
   Compiling percent-encoding v2.3.2
   Compiling mime v0.3.17
   Compiling sync_wrapper v1.0.2
   Compiling tower-layer v0.3.3
   Compiling block-buffer v0.12.1
   Compiling crypto-common v0.2.2
   Compiling httpdate v1.0.3
   Compiling http-body v1.1.0
   Compiling futures-util v0.3.33
   Compiling thiserror v1.0.69
   Compiling http-body-util v0.1.4
   Compiling cl-sys v0.4.3
   Compiling walkdir v2.5.0
   Compiling getrandom v0.4.3
   Compiling num-traits v0.1.43
   Compiling crossbeam-queue v0.3.13
   Compiling crossbeam-channel v0.5.16
   Compiling core-foundation-sys v0.8.7
   Compiling toml_write v0.1.2
   Compiling bitflags v2.13.1
   Compiling winnow v0.7.15
   Compiling core-foundation v0.10.1
   Compiling axum-core v0.5.6
   Compiling portable-atomic v1.14.0
   Compiling digest v0.11.3
   Compiling indexmap v2.14.0
   Compiling icu_provider v2.2.0
   Compiling sha2 v0.11.0
   Compiling crossbeam v0.8.4
   Compiling icu_normalizer v2.2.0
   Compiling toml_datetime v0.6.11
   Compiling serde_spanned v0.6.9
   Compiling icu_properties v2.2.0
   Compiling rust-embed-utils v8.12.0
   Compiling serde_path_to_error v0.1.20
   Compiling uncased v0.9.10
   Compiling ocl-core v0.11.5
   Compiling enum_primitive v0.1.1
   Compiling libsqlite3-sys v0.38.2
   Compiling ocl-core-vector v0.1.1
   Compiling num-complex v0.4.6
   Compiling keccak v0.2.1
   Compiling malloc_buf v0.0.6
   Compiling mime_guess v2.0.5
   Compiling matchit v0.8.4
   Compiling unicode-width v0.2.2
   Compiling unicase v2.9.0
   Compiling anstyle v1.0.14
   Compiling toml_edit v0.22.27
   Compiling foreign-types-shared v0.3.1
   Compiling clap_lex v1.1.0
   Compiling bitflags v1.3.2
   Compiling ppv-lite86 v0.2.21
   Compiling idna_adapter v1.2.2
   Compiling futures v0.1.31
   Compiling clap_builder v4.6.6
   Compiling hyper v1.11.0
   Compiling tower v0.5.3
   Compiling idna v1.1.0
   Compiling rand_chacha v0.9.0
   Compiling eyre v0.6.12
   Compiling foreign-types v0.5.0
   Compiling console v0.16.4
   Compiling rand v0.9.5
   Compiling utoipa v5.5.0
   Compiling hyper-util v0.1.20
   Compiling qutex v0.2.6
   Compiling ruint v1.20.0
   Compiling sha3 v0.11.0
   Compiling objc v0.2.7
   Compiling axum v0.8.9
   Compiling figment v0.10.19
   Compiling rust-embed v8.12.0
   Compiling core-graphics-types v0.2.0
   Compiling utoipa-swagger-ui v9.0.2
   Compiling derive_more v2.1.1
   Compiling form_urlencoded v1.2.2
   Compiling chacha20 v0.10.1
   Compiling toml v0.8.23
   Compiling const-hex v1.19.1
   Compiling fallible-streaming-iterator v0.1.9
   Compiling indenter v0.3.4
   Compiling base64 v0.22.1
   Compiling fallible-iterator v0.3.0
   Compiling block v0.1.6
   Compiling log v0.4.33
   Compiling nodrop v0.1.14
   Compiling unit-prefix v0.5.2
   Compiling once_cell v1.21.4
   Compiling indicatif v0.18.6
   Compiling metal v0.33.0
   Compiling clap v4.6.6
   Compiling alloy-primitives v1.6.1
   Compiling ocl v0.19.7
   Compiling rand v0.10.2
   Compiling url v2.5.8
   Compiling rusqlite v0.40.2
   Compiling salty v0.3.0 (/Users/bryan/code/create2-salt-miner/target/cross-gpu/release-final/source)
[2026-09-10T12:40:23Z INFO  cargo_pgo::pgo::optimize] PGO-optimized binary salty built successfully.
    Finished `release` profile [optimized] target(s) in 32.15s
PGO optimized build successfully finished.
warning: the following packages contain code that will be rejected by a future version of Rust: block v0.1.6
note: to see what the problems were, use the option `--future-incompat-report`, or run `cargo report future-incompatibilities --id 1`
[2026-09-10T12:40:23Z WARN  cargo_pgo::pgo::optimize] PGO profile data was not found for 53 functions.
