just pgo-instrument
[2026-09-10T11:31:23Z INFO  cargo_pgo::pgo::instrument] PGO profile directory will be cleared.
[2026-09-10T11:31:23Z INFO  cargo_pgo::pgo::instrument] PGO profiles will be stored into /tmp/salty-benchmark-20260910-E6rlwI/baseline-build/pgo-profiles.
   Compiling cfg-if v1.0.4
   Compiling stable_deref_trait v1.2.1
   Compiling itoa v1.0.18
   Compiling typenum v1.20.1
   Compiling futures-core v0.3.33
   Compiling libc v0.2.189
   Compiling serde_core v1.0.229
   Compiling bytes v1.12.1
   Compiling pin-project-lite v0.2.17
   Compiling smallvec v1.15.2
   Compiling zerofrom v0.1.8
   Compiling serde v1.0.229
   Compiling crossbeam-utils v0.8.22
   Compiling num-traits v0.2.19
   Compiling litemap v0.8.2
   Compiling writeable v0.6.3
   Compiling yoke v0.8.3
   Compiling const-oid v0.10.2
   Compiling getrandom v0.3.4
   Compiling zerocopy v0.8.56
   Compiling cpufeatures v0.3.0
   Compiling equivalent v1.0.2
   Compiling utf8_iter v1.0.4
   Compiling hashbrown v0.17.1
   Compiling httparse v1.10.1
   Compiling zerovec v0.11.6
   Compiling zerotrie v0.2.4
   Compiling crossbeam-epoch v0.9.20
   Compiling icu_properties_data v2.2.0
   Compiling icu_normalizer_data v2.2.0
   Compiling zmij v1.0.23
   Compiling tower-service v0.3.3
   Compiling serde_json v1.0.151
   Compiling crossbeam-deque v0.8.7
   Compiling futures-channel v0.3.33
   Compiling http v1.5.0
   Compiling atomic-waker v1.1.2
   Compiling memchr v2.8.3
   Compiling mime v0.3.17
   Compiling percent-encoding v2.3.2
   Compiling hybrid-array v0.4.14
   Compiling tinystr v0.8.3
   Compiling potential_utf v0.1.5
   Compiling tower-layer v0.3.3
   Compiling mio v1.2.2
   Compiling socket2 v0.6.5
   Compiling icu_collections v2.2.0
   Compiling icu_locale_core v2.2.0
   Compiling futures-task v0.3.33
   Compiling sync_wrapper v1.0.2
   Compiling rand_core v0.9.5
   Compiling same-file v1.0.6
   Compiling rand_core v0.10.1
   Compiling httpdate v1.0.3
   Compiling tokio v1.53.1
   Compiling slab v0.4.12
   Compiling crypto-common v0.2.2
   Compiling block-buffer v0.12.1
   Compiling http-body v1.1.0
   Compiling futures-util v0.3.33
   Compiling walkdir v2.5.0
   Compiling thiserror v1.0.69
   Compiling num-traits v0.1.43
   Compiling getrandom v0.4.3
   Compiling http-body-util v0.1.4
   Compiling cl-sys v0.4.3
   Compiling crossbeam-queue v0.3.13
   Compiling crossbeam-channel v0.5.16
   Compiling winnow v0.7.15
   Compiling toml_write v0.1.2
   Compiling axum-core v0.5.6
   Compiling portable-atomic v1.14.0
   Compiling uncased v0.9.10
   Compiling icu_provider v2.2.0
   Compiling ocl-core v0.11.5
   Compiling crossbeam v0.8.4
   Compiling enum_primitive v0.1.1
   Compiling digest v0.11.3
   Compiling libsqlite3-sys v0.38.2
   Compiling indexmap v2.14.0
   Compiling sha2 v0.11.0
   Compiling icu_properties v2.2.0
   Compiling icu_normalizer v2.2.0
   Compiling toml_datetime v0.6.11
   Compiling serde_spanned v0.6.9
   Compiling rust-embed-utils v8.12.0
   Compiling serde_path_to_error v0.1.20
   Compiling ocl-core-vector v0.1.1
   Compiling num-complex v0.4.6
   Compiling mime_guess v2.0.5
   Compiling keccak v0.2.1
   Compiling anstyle v1.0.14
   Compiling bitflags v1.3.2
   Compiling idna_adapter v1.2.2
   Compiling futures v0.1.31
   Compiling unicode-width v0.2.2
   Compiling clap_lex v1.1.0
   Compiling cpufeatures v0.2.17
   Compiling matchit v0.8.4
   Compiling toml_edit v0.22.27
   Compiling unicase v2.9.0
   Compiling console v0.16.4
   Compiling clap_builder v4.6.6
   Compiling const-hex v1.19.1
   Compiling idna v1.1.0
   Compiling utoipa v5.5.0
   Compiling ppv-lite86 v0.2.21
   Compiling eyre v0.6.12
   Compiling hyper v1.11.0
   Compiling rand_chacha v0.9.0
   Compiling tower v0.5.3
   Compiling qutex v0.2.6
   Compiling rand v0.9.5
   Compiling sha3 v0.11.0
   Compiling figment v0.10.19
   Compiling rust-embed v8.12.0
   Compiling utoipa-swagger-ui v9.0.2
   Compiling derive_more v2.1.1
   Compiling chacha20 v0.10.1
   Compiling form_urlencoded v1.2.2
   Compiling hyper-util v0.1.20
   Compiling ruint v1.20.0
   Compiling nodrop v0.1.14
   Compiling fallible-streaming-iterator v0.1.9
   Compiling fallible-iterator v0.3.0
   Compiling indenter v0.3.4
   Compiling unit-prefix v0.5.2
   Compiling axum v0.8.9
   Compiling toml v0.8.23
   Compiling bitflags v2.13.1
   Compiling once_cell v1.21.4
   Compiling base64 v0.22.1
   Compiling alloy-primitives v1.6.1
   Compiling clap v4.6.6
   Compiling indicatif v0.18.6
   Compiling rand v0.10.2
   Compiling url v2.5.8
   Compiling ocl v0.19.7
   Compiling rusqlite v0.40.2
   Compiling salty v0.3.0 (/tmp/salty-benchmark-20260910-E6rlwI/source)
[2026-09-10T11:32:59Z INFO  cargo_pgo::pgo::instrument] PGO-instrumented binary salty built successfully.
    Finished `release` profile [optimized] target(s) in 1m 35s
[2026-09-10T11:32:59Z INFO  cargo_pgo::pgo::instrument] Now run /tmp/salty-benchmark-20260910-E6rlwI/baseline-build/x86_64-unknown-linux-gnu/release/salty on your workload.
    If your program creates multiple processes or you will execute it multiple times in parallel, consider running it with the following environment variable to have more precise profiles:
    LLVM_PROFILE_FILE=/tmp/salty-benchmark-20260910-E6rlwI/baseline-build/pgo-profiles/salty_%m_%p.profraw
[2026-09-10T11:32:59Z INFO  cargo_pgo::pgo::instrument] PGO instrumentation build finished successfully.
just pgo-train
0x0000000000000000000000000000000000000000568584eb3171b9032057a97b0000000000000000000000001f5d008a00c814928524363c5a00396c000038000000000000000000000000000000000000000000000000000000000000000006
just pgo-merge
Instrumentation level: IR  entry_first = 0  instrument_loop_entries = 0
Total functions: 10142
Maximum function count: 24480
Maximum internal block count: 49152
Total number of blocks: 86195
Total count: 282179
just pgo-optimize
[2026-09-10T11:33:30Z INFO  cargo_pgo::pgo::optimize] Found 1 PGO profile file with total size 1.47 MiB at /tmp/salty-benchmark-20260910-E6rlwI/baseline-build/pgo-profiles.
[2026-09-10T11:33:30Z INFO  cargo_pgo::pgo::optimize] Merged PGO profile(s) to /tmp/salty-benchmark-20260910-E6rlwI/baseline-build/pgo-profiles/merged-f2edc6f83aea5e5b606fe789a3ba191c426a23d47dfe50129dabb72fe2e736d7.profdata.
   Compiling cfg-if v1.0.4
   Compiling stable_deref_trait v1.2.1
   Compiling itoa v1.0.18
   Compiling typenum v1.20.1
   Compiling bytes v1.12.1
   Compiling futures-core v0.3.33
   Compiling libc v0.2.189
   Compiling serde_core v1.0.229
   Compiling smallvec v1.15.2
   Compiling pin-project-lite v0.2.17
   Compiling zerofrom v0.1.8
   Compiling serde v1.0.229
   Compiling crossbeam-utils v0.8.22
   Compiling num-traits v0.2.19
   Compiling writeable v0.6.3
   Compiling const-oid v0.10.2
   Compiling yoke v0.8.3
   Compiling litemap v0.8.2
   Compiling zerocopy v0.8.56
   Compiling getrandom v0.3.4
   Compiling hashbrown v0.17.1
   Compiling utf8_iter v1.0.4
   Compiling equivalent v1.0.2
   Compiling zerovec v0.11.6
   Compiling zerotrie v0.2.4
   Compiling cpufeatures v0.3.0
   Compiling icu_properties_data v2.2.0
   Compiling zmij v1.0.23
   Compiling icu_normalizer_data v2.2.0
   Compiling httparse v1.10.1
   Compiling crossbeam-epoch v0.9.20
   Compiling tower-service v0.3.3
   Compiling crossbeam-deque v0.8.7
   Compiling serde_json v1.0.151
   Compiling http v1.5.0
   Compiling futures-channel v0.3.33
   Compiling memchr v2.8.3
   Compiling slab v0.4.12
   Compiling hybrid-array v0.4.14
   Compiling tinystr v0.8.3
   Compiling potential_utf v0.1.5
   Compiling mime v0.3.17
   Compiling percent-encoding v2.3.2
   Compiling same-file v1.0.6
   Compiling futures-task v0.3.33
   Compiling mio v1.2.2
   Compiling socket2 v0.6.5
   Compiling icu_locale_core v2.2.0
   Compiling icu_collections v2.2.0
   Compiling httpdate v1.0.3
   Compiling rand_core v0.10.1
   Compiling rand_core v0.9.5
   Compiling sync_wrapper v1.0.2
   Compiling tower-layer v0.3.3
   Compiling atomic-waker v1.1.2
   Compiling block-buffer v0.12.1
   Compiling crypto-common v0.2.2
   Compiling tokio v1.53.1
   Compiling http-body v1.1.0
   Compiling cl-sys v0.4.3
   Compiling getrandom v0.4.3
   Compiling futures-util v0.3.33
   Compiling walkdir v2.5.0
   Compiling num-traits v0.1.43
   Compiling http-body-util v0.1.4
   Compiling thiserror v1.0.69
   Compiling crossbeam-queue v0.3.13
   Compiling crossbeam-channel v0.5.16
   Compiling winnow v0.7.15
   Compiling toml_write v0.1.2
   Compiling axum-core v0.5.6
   Compiling portable-atomic v1.14.0
   Compiling uncased v0.9.10
   Compiling ocl-core v0.11.5
   Compiling enum_primitive v0.1.1
   Compiling icu_provider v2.2.0
   Compiling libsqlite3-sys v0.38.2
   Compiling crossbeam v0.8.4
   Compiling digest v0.11.3
   Compiling icu_properties v2.2.0
   Compiling sha2 v0.11.0
   Compiling icu_normalizer v2.2.0
   Compiling indexmap v2.14.0
   Compiling rust-embed-utils v8.12.0
   Compiling toml_datetime v0.6.11
   Compiling serde_spanned v0.6.9
   Compiling serde_path_to_error v0.1.20
   Compiling num-complex v0.4.6
   Compiling idna_adapter v1.2.2
   Compiling ocl-core-vector v0.1.1
   Compiling mime_guess v2.0.5
   Compiling keccak v0.2.1
   Compiling unicode-width v0.2.2
   Compiling anstyle v1.0.14
   Compiling futures v0.1.31
   Compiling matchit v0.8.4
   Compiling bitflags v1.3.2
   Compiling toml_edit v0.22.27
   Compiling cpufeatures v0.2.17
   Compiling clap_lex v1.1.0
   Compiling unicase v2.9.0
   Compiling eyre v0.6.12
   Compiling utoipa v5.5.0
   Compiling clap_builder v4.6.6
   Compiling const-hex v1.19.1
   Compiling console v0.16.4
   Compiling sha3 v0.11.0
   Compiling ppv-lite86 v0.2.21
   Compiling idna v1.1.0
   Compiling figment v0.10.19
   Compiling rust-embed v8.12.0
   Compiling derive_more v2.1.1
   Compiling rand_chacha v0.9.0
   Compiling qutex v0.2.6
   Compiling hyper v1.11.0
   Compiling tower v0.5.3
   Compiling utoipa-swagger-ui v9.0.2
   Compiling rand v0.9.5
   Compiling chacha20 v0.10.1
   Compiling form_urlencoded v1.2.2
   Compiling fallible-streaming-iterator v0.1.9
   Compiling bitflags v2.13.1
   Compiling once_cell v1.21.4
   Compiling base64 v0.22.1
   Compiling unit-prefix v0.5.2
   Compiling fallible-iterator v0.3.0
   Compiling nodrop v0.1.14
   Compiling indenter v0.3.4
   Compiling ruint v1.20.0
   Compiling hyper-util v0.1.20
   Compiling toml v0.8.23
   Compiling indicatif v0.18.6
   Compiling axum v0.8.9
   Compiling clap v4.6.6
   Compiling rand v0.10.2
   Compiling alloy-primitives v1.6.1
   Compiling url v2.5.8
   Compiling ocl v0.19.7
   Compiling rusqlite v0.40.2
   Compiling salty v0.3.0 (/tmp/salty-benchmark-20260910-E6rlwI/source)
[2026-09-10T11:34:39Z INFO  cargo_pgo::pgo::optimize] PGO-optimized binary salty built successfully.
PGO optimized build successfully finished.
    Finished `release` profile [optimized] target(s) in 1m 08s
